#! /c/Source/iverilog-install/bin/vvp
:ivl_version "12.0 (devel)" "(s20150603-1539-g2693dd32b)";
:ivl_delay_selection "TYPICAL";
:vpi_time_precision - 12;
:vpi_module "C:\iverilog\lib\ivl\system.vpi";
:vpi_module "C:\iverilog\lib\ivl\vhdl_sys.vpi";
:vpi_module "C:\iverilog\lib\ivl\vhdl_textio.vpi";
:vpi_module "C:\iverilog\lib\ivl\v2005_math.vpi";
:vpi_module "C:\iverilog\lib\ivl\va_math.vpi";
S_0000024843ff8590 .scope module, "pipeline_tb" "pipeline_tb" 2 3;
 .timescale -9 -12;
v00000248440040b0_0 .var "clk", 0 0;
v0000024844004c90_0 .var "reset", 0 0;
S_000002484400ac10 .scope module, "uut" "pipeline_processor" 2 9, 3 3 0, S_0000024843ff8590;
 .timescale 0 0;
    .port_info 0 /INPUT 1 "clk";
    .port_info 1 /INPUT 1 "reset";
v000002484410adb0_0 .var "EX_WB_dest", 2 0;
v0000024843fd28d0_0 .var "EX_WB_result", 7 0;
v000002484410aef0_0 .var "ID_EX_A", 7 0;
v000002484400ada0_0 .var "ID_EX_B", 7 0;
v000002484400ae40_0 .var "ID_EX_instr", 7 0;
v000002484400aee0_0 .var "IF_ID_instr", 7 0;
v000002484400af80_0 .var "PC", 3 0;
v0000024844003840_0 .net "clk", 0 0, v00000248440040b0_0;  1 drivers
v00000248440038e0_0 .var "dest", 2 0;
v0000024844003980 .array "instr_mem", 15 0, 7 0;
v0000024844003a20_0 .var "opcode", 2 0;
v0000024844003ac0 .array "reg_file", 7 0, 7 0;
v0000024844003b60_0 .net "reset", 0 0, v0000024844004c90_0;  1 drivers
v0000024844003c00_0 .var "result", 7 0;
v0000024844003ca0_0 .var "src1", 2 0;
v0000024844003d40_0 .var "src2", 2 0;
E_0000024844107e80 .event posedge, v0000024844003840_0;
    .scope S_000002484400ac10;
T_0 ;
    %wait E_0000024844107e80;
    %load/vec4 v0000024844003b60_0;
    %flag_set/vec4 8;
    %jmp/0xz  T_0.0, 8;
    %pushi/vec4 0, 0, 4;
    %assign/vec4 v000002484400af80_0, 0;
    %jmp T_0.1;
T_0.0 ;
    %load/vec4 v000002484400af80_0;
    %pad/u 6;
    %ix/vec4 4;
    %load/vec4a v0000024844003980, 4;
    %assign/vec4 v000002484400aee0_0, 0;
    %load/vec4 v000002484400af80_0;
    %addi 1, 0, 4;
    %assign/vec4 v000002484400af80_0, 0;
T_0.1 ;
    %jmp T_0;
    .thread T_0;
    .scope S_000002484400ac10;
T_1 ;
    %wait E_0000024844107e80;
    %load/vec4 v000002484400aee0_0;
    %assign/vec4 v000002484400ae40_0, 0;
    %load/vec4 v000002484400aee0_0;
    %parti/s 3, 5, 4;
    %store/vec4 v0000024844003a20_0, 0, 3;
    %load/vec4 v000002484400aee0_0;
    %parti/s 3, 2, 3;
    %store/vec4 v00000248440038e0_0, 0, 3;
    %load/vec4 v000002484400aee0_0;
    %parti/s 3, 2, 3;
    %store/vec4 v0000024844003ca0_0, 0, 3;
    %load/vec4 v000002484400aee0_0;
    %parti/s 2, 0, 2;
    %pad/u 3;
    %store/vec4 v0000024844003d40_0, 0, 3;
    %load/vec4 v0000024844003ca0_0;
    %pad/u 5;
    %ix/vec4 4;
    %load/vec4a v0000024844003ac0, 4;
    %assign/vec4 v000002484410aef0_0, 0;
    %load/vec4 v0000024844003d40_0;
    %pad/u 5;
    %ix/vec4 4;
    %load/vec4a v0000024844003ac0, 4;
    %assign/vec4 v000002484400ada0_0, 0;
    %jmp T_1;
    .thread T_1;
    .scope S_000002484400ac10;
T_2 ;
    %wait E_0000024844107e80;
    %load/vec4 v0000024844003a20_0;
    %dup/vec4;
    %pushi/vec4 0, 0, 3;
    %cmp/u;
    %jmp/1 T_2.0, 6;
    %dup/vec4;
    %pushi/vec4 1, 0, 3;
    %cmp/u;
    %jmp/1 T_2.1, 6;
    %dup/vec4;
    %pushi/vec4 2, 0, 3;
    %cmp/u;
    %jmp/1 T_2.2, 6;
    %dup/vec4;
    %pushi/vec4 3, 0, 3;
    %cmp/u;
    %jmp/1 T_2.3, 6;
    %pushi/vec4 0, 0, 8;
    %store/vec4 v0000024844003c00_0, 0, 8;
    %jmp T_2.5;
T_2.0 ;
    %load/vec4 v000002484410aef0_0;
    %load/vec4 v000002484400ada0_0;
    %add;
    %store/vec4 v0000024844003c00_0, 0, 8;
    %jmp T_2.5;
T_2.1 ;
    %load/vec4 v000002484410aef0_0;
    %load/vec4 v000002484400ada0_0;
    %sub;
    %store/vec4 v0000024844003c00_0, 0, 8;
    %jmp T_2.5;
T_2.2 ;
    %load/vec4 v000002484410aef0_0;
    %load/vec4 v000002484400ada0_0;
    %and;
    %store/vec4 v0000024844003c00_0, 0, 8;
    %jmp T_2.5;
T_2.3 ;
    %load/vec4 v000002484410aef0_0;
    %load/vec4 v000002484400ada0_0;
    %or;
    %store/vec4 v0000024844003c00_0, 0, 8;
    %jmp T_2.5;
T_2.5 ;
    %pop/vec4 1;
    %load/vec4 v0000024844003c00_0;
    %assign/vec4 v0000024843fd28d0_0, 0;
    %load/vec4 v00000248440038e0_0;
    %assign/vec4 v000002484410adb0_0, 0;
    %jmp T_2;
    .thread T_2;
    .scope S_000002484400ac10;
T_3 ;
    %wait E_0000024844107e80;
    %load/vec4 v0000024843fd28d0_0;
    %load/vec4 v000002484410adb0_0;
    %pad/u 5;
    %ix/vec4 3;
    %ix/load 4, 0, 0; Constant delay
    %assign/vec4/a/d v0000024844003ac0, 0, 4;
    %jmp T_3;
    .thread T_3;
    .scope S_0000024843ff8590;
T_4 ;
    %delay 5000, 0;
    %load/vec4 v00000248440040b0_0;
    %inv;
    %store/vec4 v00000248440040b0_0, 0, 1;
    %jmp T_4;
    .thread T_4;
    .scope S_0000024843ff8590;
T_5 ;
    %pushi/vec4 0, 0, 1;
    %store/vec4 v00000248440040b0_0, 0, 1;
    %pushi/vec4 1, 0, 1;
    %store/vec4 v0000024844004c90_0, 0, 1;
    %delay 10000, 0;
    %pushi/vec4 0, 0, 1;
    %store/vec4 v0000024844004c90_0, 0, 1;
    %delay 100000, 0;
    %vpi_call 2 24 "$finish" {0 0 0};
    %end;
    .thread T_5;
# The file index is used to find the file name in the following table.
:file_names 4;
    "N/A";
    "<interactive>";
    "pipeline_tb.v";
    "pipeline.v";
